  main.cpp
D:\ronb\hardware\OpenGL\CamBot\CamBot\lines.h(17,69): warning C4267: '=': conversion from 'size_t' to 'uint32_t', possible loss of data
  (compiling source file 'main.cpp')
  
D:\ronb\hardware\OpenGL\CamBot\CamBot\telemetry.h(75,49): warning C4267: 'return': conversion from 'size_t' to 'uint32_t', possible loss of data
  (compiling source file 'main.cpp')
  
D:\ronb\hardware\OpenGL\CamBot\CamBot\main.cpp(124,68): warning C4305: 'argument': truncation from 'double' to 'float'
D:\ronb\hardware\OpenGL\CamBot\CamBot\main.cpp(124,54): warning C4305: 'argument': truncation from 'double' to 'float'
D:\ronb\hardware\OpenGL\CamBot\CamBot\main.cpp(124,42): warning C4305: 'argument': truncation from 'double' to 'float'
D:\ronb\hardware\OpenGL\CamBot\CamBot\main.cpp(124,37): warning C4305: 'argument': truncation from 'double' to 'float'
D:\ronb\hardware\OpenGL\CamBot\CamBot\main.cpp(125,59): warning C4305: 'argument': truncation from 'double' to 'float'
D:\ronb\hardware\OpenGL\CamBot\CamBot\main.cpp(125,53): warning C4305: 'argument': truncation from 'double' to 'float'
D:\ronb\hardware\OpenGL\CamBot\CamBot\main.cpp(125,47): warning C4305: 'argument': truncation from 'double' to 'float'
D:\ronb\hardware\OpenGL\CamBot\CamBot\main.cpp(125,41): warning C4305: 'argument': truncation from 'double' to 'float'
D:\ronb\hardware\OpenGL\CamBot\CamBot\main.cpp(127,74): warning C4305: 'argument': truncation from 'double' to 'float'
D:\ronb\hardware\OpenGL\CamBot\CamBot\main.cpp(127,69): warning C4305: 'argument': truncation from 'double' to 'float'
D:\ronb\hardware\OpenGL\CamBot\CamBot\main.cpp(127,44): warning C4305: 'argument': truncation from 'double' to 'float'
D:\ronb\hardware\OpenGL\CamBot\CamBot\main.cpp(127,26): warning C4305: 'argument': truncation from 'double' to 'float'
D:\ronb\hardware\OpenGL\CamBot\CamBot\main.cpp(128,87): warning C4305: 'argument': truncation from 'double' to 'float'
D:\ronb\hardware\OpenGL\CamBot\CamBot\main.cpp(128,79): warning C4305: 'argument': truncation from 'double' to 'float'
D:\ronb\hardware\OpenGL\CamBot\CamBot\main.cpp(128,51): warning C4305: 'argument': truncation from 'double' to 'float'
D:\ronb\hardware\OpenGL\CamBot\CamBot\main.cpp(128,30): warning C4305: 'argument': truncation from 'double' to 'float'
D:\ronb\hardware\OpenGL\CamBot\CamBot\main.cpp(129,50): warning C4305: 'argument': truncation from 'double' to 'float'
D:\ronb\hardware\OpenGL\CamBot\CamBot\main.cpp(129,38): warning C4305: 'argument': truncation from 'double' to 'float'
D:\ronb\hardware\OpenGL\CamBot\CamBot\main.cpp(129,34): warning C4305: 'argument': truncation from 'double' to 'float'
D:\ronb\hardware\OpenGL\CamBot\CamBot\main.cpp(230,85): warning C4244: 'argument': conversion from 'double' to 'float', possible loss of data
  CamBot.vcxproj -> D:\ronb\hardware\OpenGL\CamBot\x64\Debug\CamBot.exe
  'pwsh.exe' is not recognized as an internal or external command,
  operable program or batch file.
