d:\ronb\hardware\opengl\cambot\cambot\x64\debug\vc145.pdb
d:\ronb\hardware\opengl\cambot\cambot\x64\debug\vc145.idb
d:\ronb\hardware\opengl\cambot\cambot\x64\debug\imgui_impl_opengl3.obj
d:\ronb\hardware\opengl\cambot\cambot\x64\debug\imgui_impl_glfw.obj
d:\ronb\hardware\opengl\cambot\cambot\x64\debug\imgui_widgets.obj
d:\ronb\hardware\opengl\cambot\cambot\x64\debug\imgui_tables.obj
d:\ronb\hardware\opengl\cambot\cambot\x64\debug\imgui_draw.obj
d:\ronb\hardware\opengl\cambot\cambot\x64\debug\imgui.obj
d:\ronb\hardware\opengl\cambot\cambot\x64\debug\widget_mgr.obj
d:\ronb\hardware\opengl\cambot\cambot\x64\debug\widget_base.obj
d:\ronb\hardware\opengl\cambot\cambot\x64\debug\widget.obj
d:\ronb\hardware\opengl\cambot\cambot\x64\debug\util.obj
d:\ronb\hardware\opengl\cambot\cambot\x64\debug\telemetry.obj
d:\ronb\hardware\opengl\cambot\cambot\x64\debug\stb_image.obj
d:\ronb\hardware\opengl\cambot\cambot\x64\debug\source.obj
d:\ronb\hardware\opengl\cambot\cambot\x64\debug\project_file_manager.obj
d:\ronb\hardware\opengl\cambot\cambot\x64\debug\main.obj
d:\ronb\hardware\opengl\cambot\cambot\x64\debug\font_manager.obj
d:\ronb\hardware\opengl\cambot\cambot\x64\debug\media_container_manager.obj
d:\ronb\hardware\opengl\cambot\cambot\x64\debug\cambot.tlog\cl.command.1.tlog
d:\ronb\hardware\opengl\cambot\cambot\x64\debug\cambot.tlog\cl.read.1.tlog
d:\ronb\hardware\opengl\cambot\cambot\x64\debug\cambot.tlog\cl.write.1.tlog
